Archive member included to satisfy reference by file (symbol)

d:/programme/atmel/studio/7.0/toolchain/avr8/avr8-gnu-toolchain/bin/../lib/gcc/avr/5.4.0/../../../../avr/lib/avr51\libm.a(addsf3.o)
                              src/Tools/Tools.o (__addsf3)
d:/programme/atmel/studio/7.0/toolchain/avr8/avr8-gnu-toolchain/bin/../lib/gcc/avr/5.4.0/../../../../avr/lib/avr51\libm.a(addsf3x.o)
                              d:/programme/atmel/studio/7.0/toolchain/avr8/avr8-gnu-toolchain/bin/../lib/gcc/avr/5.4.0/../../../../avr/lib/avr51\libm.a(addsf3.o) (__addsf3x)
d:/programme/atmel/studio/7.0/toolchain/avr8/avr8-gnu-toolchain/bin/../lib/gcc/avr/5.4.0/../../../../avr/lib/avr51\libm.a(cmpsf2.o)
                              src/GraphicsDriver/Display.o (__ltsf2)
d:/programme/atmel/studio/7.0/toolchain/avr8/avr8-gnu-toolchain/bin/../lib/gcc/avr/5.4.0/../../../../avr/lib/avr51\libm.a(divsf3.o)
                              src/OS/Kernel.o (__divsf3)
d:/programme/atmel/studio/7.0/toolchain/avr8/avr8-gnu-toolchain/bin/../lib/gcc/avr/5.4.0/../../../../avr/lib/avr51\libm.a(divsf3x.o)
                              d:/programme/atmel/studio/7.0/toolchain/avr8/avr8-gnu-toolchain/bin/../lib/gcc/avr/5.4.0/../../../../avr/lib/avr51\libm.a(divsf3.o) (__divsf3x)
d:/programme/atmel/studio/7.0/toolchain/avr8/avr8-gnu-toolchain/bin/../lib/gcc/avr/5.4.0/../../../../avr/lib/avr51\libm.a(fixunssfsi.o)
                              src/OS/Kernel.o (__fixunssfsi)
d:/programme/atmel/studio/7.0/toolchain/avr8/avr8-gnu-toolchain/bin/../lib/gcc/avr/5.4.0/../../../../avr/lib/avr51\libm.a(floatsisf.o)
                              src/OS/Kernel.o (__floatunsisf)
d:/programme/atmel/studio/7.0/toolchain/avr8/avr8-gnu-toolchain/bin/../lib/gcc/avr/5.4.0/../../../../avr/lib/avr51\libm.a(fp_cmp.o)
                              d:/programme/atmel/studio/7.0/toolchain/avr8/avr8-gnu-toolchain/bin/../lib/gcc/avr/5.4.0/../../../../avr/lib/avr51\libm.a(cmpsf2.o) (__fp_cmp)
d:/programme/atmel/studio/7.0/toolchain/avr8/avr8-gnu-toolchain/bin/../lib/gcc/avr/5.4.0/../../../../avr/lib/avr51\libm.a(fp_inf.o)
                              d:/programme/atmel/studio/7.0/toolchain/avr8/avr8-gnu-toolchain/bin/../lib/gcc/avr/5.4.0/../../../../avr/lib/avr51\libm.a(addsf3x.o) (__fp_inf)
d:/programme/atmel/studio/7.0/toolchain/avr8/avr8-gnu-toolchain/bin/../lib/gcc/avr/5.4.0/../../../../avr/lib/avr51\libm.a(fp_nan.o)
                              d:/programme/atmel/studio/7.0/toolchain/avr8/avr8-gnu-toolchain/bin/../lib/gcc/avr/5.4.0/../../../../avr/lib/avr51\libm.a(addsf3x.o) (__fp_nan)
d:/programme/atmel/studio/7.0/toolchain/avr8/avr8-gnu-toolchain/bin/../lib/gcc/avr/5.4.0/../../../../avr/lib/avr51\libm.a(fp_pscA.o)
                              d:/programme/atmel/studio/7.0/toolchain/avr8/avr8-gnu-toolchain/bin/../lib/gcc/avr/5.4.0/../../../../avr/lib/avr51\libm.a(addsf3x.o) (__fp_pscA)
d:/programme/atmel/studio/7.0/toolchain/avr8/avr8-gnu-toolchain/bin/../lib/gcc/avr/5.4.0/../../../../avr/lib/avr51\libm.a(fp_pscB.o)
                              d:/programme/atmel/studio/7.0/toolchain/avr8/avr8-gnu-toolchain/bin/../lib/gcc/avr/5.4.0/../../../../avr/lib/avr51\libm.a(addsf3x.o) (__fp_pscB)
d:/programme/atmel/studio/7.0/toolchain/avr8/avr8-gnu-toolchain/bin/../lib/gcc/avr/5.4.0/../../../../avr/lib/avr51\libm.a(fp_round.o)
                              d:/programme/atmel/studio/7.0/toolchain/avr8/avr8-gnu-toolchain/bin/../lib/gcc/avr/5.4.0/../../../../avr/lib/avr51\libm.a(addsf3.o) (__fp_round)
d:/programme/atmel/studio/7.0/toolchain/avr8/avr8-gnu-toolchain/bin/../lib/gcc/avr/5.4.0/../../../../avr/lib/avr51\libm.a(fp_split3.o)
                              d:/programme/atmel/studio/7.0/toolchain/avr8/avr8-gnu-toolchain/bin/../lib/gcc/avr/5.4.0/../../../../avr/lib/avr51\libm.a(addsf3x.o) (__fp_split3)
d:/programme/atmel/studio/7.0/toolchain/avr8/avr8-gnu-toolchain/bin/../lib/gcc/avr/5.4.0/../../../../avr/lib/avr51\libm.a(fp_zero.o)
                              d:/programme/atmel/studio/7.0/toolchain/avr8/avr8-gnu-toolchain/bin/../lib/gcc/avr/5.4.0/../../../../avr/lib/avr51\libm.a(addsf3x.o) (__fp_zero)
d:/programme/atmel/studio/7.0/toolchain/avr8/avr8-gnu-toolchain/bin/../lib/gcc/avr/5.4.0/../../../../avr/lib/avr51\libm.a(mulsf3.o)
                              src/OS/Kernel.o (__mulsf3)
d:/programme/atmel/studio/7.0/toolchain/avr8/avr8-gnu-toolchain/bin/../lib/gcc/avr/5.4.0/../../../../avr/lib/avr51\libm.a(mulsf3x.o)
                              d:/programme/atmel/studio/7.0/toolchain/avr8/avr8-gnu-toolchain/bin/../lib/gcc/avr/5.4.0/../../../../avr/lib/avr51\libm.a(mulsf3.o) (__mulsf3x)
d:/programme/atmel/studio/7.0/toolchain/avr8/avr8-gnu-toolchain/bin/../lib/gcc/avr/5.4.0/avr51\libgcc.a(_exit.o)
                              D:/Programme/Atmel/Studio/7.0/Packs/atmel/ATmega_DFP/1.0.90/gcc/dev/atmega1284p/avr51/crtatmega1284p.o (exit)
d:/programme/atmel/studio/7.0/toolchain/avr8/avr8-gnu-toolchain/bin/../lib/gcc/avr/5.4.0/avr51\libgcc.a(_copy_data.o)
                              src/GPU.o (__do_copy_data)
d:/programme/atmel/studio/7.0/toolchain/avr8/avr8-gnu-toolchain/bin/../lib/gcc/avr/5.4.0/avr51\libgcc.a(_clear_bss.o)
                              src/Extern/dallas_one_wire.o (__do_clear_bss)
d:/programme/atmel/studio/7.0/toolchain/avr8/avr8-gnu-toolchain/bin/../lib/gcc/avr/5.4.0/../../../../avr/lib/avr51\libc.a(sprintf.o)
                              src/GraphicsDriver/Display.o (sprintf)
d:/programme/atmel/studio/7.0/toolchain/avr8/avr8-gnu-toolchain/bin/../lib/gcc/avr/5.4.0/../../../../avr/lib/avr51\libc.a(vfprintf_std.o)
                              d:/programme/atmel/studio/7.0/toolchain/avr8/avr8-gnu-toolchain/bin/../lib/gcc/avr/5.4.0/../../../../avr/lib/avr51\libc.a(sprintf.o) (vfprintf)
d:/programme/atmel/studio/7.0/toolchain/avr8/avr8-gnu-toolchain/bin/../lib/gcc/avr/5.4.0/../../../../avr/lib/avr51\libc.a(strnlen_P.o)
                              d:/programme/atmel/studio/7.0/toolchain/avr8/avr8-gnu-toolchain/bin/../lib/gcc/avr/5.4.0/../../../../avr/lib/avr51\libc.a(vfprintf_std.o) (strnlen_P)
d:/programme/atmel/studio/7.0/toolchain/avr8/avr8-gnu-toolchain/bin/../lib/gcc/avr/5.4.0/../../../../avr/lib/avr51\libc.a(strnlen.o)
                              d:/programme/atmel/studio/7.0/toolchain/avr8/avr8-gnu-toolchain/bin/../lib/gcc/avr/5.4.0/../../../../avr/lib/avr51\libc.a(vfprintf_std.o) (strnlen)
d:/programme/atmel/studio/7.0/toolchain/avr8/avr8-gnu-toolchain/bin/../lib/gcc/avr/5.4.0/../../../../avr/lib/avr51\libc.a(fputc.o)
                              d:/programme/atmel/studio/7.0/toolchain/avr8/avr8-gnu-toolchain/bin/../lib/gcc/avr/5.4.0/../../../../avr/lib/avr51\libc.a(vfprintf_std.o) (fputc)
d:/programme/atmel/studio/7.0/toolchain/avr8/avr8-gnu-toolchain/bin/../lib/gcc/avr/5.4.0/../../../../avr/lib/avr51\libc.a(ultoa_invert.o)
                              d:/programme/atmel/studio/7.0/toolchain/avr8/avr8-gnu-toolchain/bin/../lib/gcc/avr/5.4.0/../../../../avr/lib/avr51\libc.a(vfprintf_std.o) (__ultoa_invert)

Allocating common symbols
Common symbol       size              file

linePos             0x1               src/GPU.o
inputLength         0x1               src/GPU.o
gfx_text_mode_content_position
                    0x1               src/GPU.o
display_driver_mode
                    0x1               src/GPU.o
display_buffer      0x1040            src/GPU.o
kernel_timer_count  0x2               src/GPU.o
input               0xa0              src/GPU.o
r                   0x1               src/OS/Programs/gfx_test.o
auto_run            0x2               src/GPU.o
last_call_status    0x1               src/GPU.o
identifier_list     0x9               src/Extern/dallas_one_wire.o
kernel_touch_fnct   0x2               src/GPU.o
center              0x2               src/OS/Programs/gfx_test.o
serialListenerButton
                    0x4               src/GPU.o
program_list        0x18              src/GPU.o
program_list_size   0x1               src/GPU.o
kernel_timer_fnct   0x2               src/GPU.o
gfx_text_mode_content
                    0x11e             src/GPU.o
inputPos            0x1               src/GPU.o
display_row_flag    0x1a              src/GPU.o
gfx_text_mode_content_line
                    0x1               src/GPU.o
dir                 0x1               src/OS/Programs/gfx_test.o
count               0x1               src/GPU.o
lines               0x1               src/GPU.o

Discarded input sections

 .data          0x00000000        0x0 D:/Programme/Atmel/Studio/7.0/Packs/atmel/ATmega_DFP/1.0.90/gcc/dev/atmega1284p/avr51/crtatmega1284p.o
 .bss           0x00000000        0x0 D:/Programme/Atmel/Studio/7.0/Packs/atmel/ATmega_DFP/1.0.90/gcc/dev/atmega1284p/avr51/crtatmega1284p.o
 .text          0x00000000        0x0 src/Extern/dallas_one_wire.o
 .data          0x00000000        0x0 src/Extern/dallas_one_wire.o
 .bss           0x00000000        0x0 src/Extern/dallas_one_wire.o
 .text.dallas_write.part.1
                0x00000000       0x20 src/Extern/dallas_one_wire.o
 .text.dallas_write
                0x00000000       0x2a src/Extern/dallas_one_wire.o
 .text.dallas_read
                0x00000000       0x32 src/Extern/dallas_one_wire.o
 .text.dallas_reset
                0x00000000       0x3e src/Extern/dallas_one_wire.o
 .text.dallas_write_byte
                0x00000000       0x1c src/Extern/dallas_one_wire.o
 .text.dallas_discover_identifier
                0x00000000       0xee src/Extern/dallas_one_wire.o
 .text.dallas_read_byte
                0x00000000       0x2e src/Extern/dallas_one_wire.o
 .text.dallas_drive_bus
                0x00000000        0x6 src/Extern/dallas_one_wire.o
 .text.dallas_match_rom
                0x00000000       0x5a src/Extern/dallas_one_wire.o
 .text.dallas_skip_rom
                0x00000000        0xa src/Extern/dallas_one_wire.o
 .text.dallas_search_identifiers
                0x00000000       0x24 src/Extern/dallas_one_wire.o
 .text.get_identifier_list
                0x00000000        0x6 src/Extern/dallas_one_wire.o
 .text.dallas_write_buffer
                0x00000000       0x28 src/Extern/dallas_one_wire.o
 .text.dallas_read_buffer
                0x00000000       0x28 src/Extern/dallas_one_wire.o
 .comment       0x00000000       0x31 src/Extern/dallas_one_wire.o
 COMMON         0x00000000        0x9 src/Extern/dallas_one_wire.o
 .text          0x00000000        0x0 src/Extern/twimaster.o
 .data          0x00000000        0x0 src/Extern/twimaster.o
 .bss           0x00000000        0x0 src/Extern/twimaster.o
 .text.i2c_start
                0x00000000       0x44 src/Extern/twimaster.o
 .text.i2c_rep_start
                0x00000000        0x4 src/Extern/twimaster.o
 .text          0x00000000        0x0 src/GPU.o
 .data          0x00000000        0x0 src/GPU.o
 .bss           0x00000000        0x0 src/GPU.o
 .text          0x00000000        0x0 src/GraphicsDriver/Display.o
 .data          0x00000000        0x0 src/GraphicsDriver/Display.o
 .bss           0x00000000        0x0 src/GraphicsDriver/Display.o
 .text.disp_driver_set_text_mode
                0x00000000        0xa src/GraphicsDriver/Display.o
 .text.gfx_draw_line
                0x00000000       0x1a src/GraphicsDriver/Display.o
 .text.gfx_draw_triangle
                0x00000000       0x5a src/GraphicsDriver/Display.o
 .rodata.GFX_GRAPHICS_MODE
                0x00000000        0x1 src/GraphicsDriver/Display.o
 .rodata.GFX_TEXT_MODE
                0x00000000        0x1 src/GraphicsDriver/Display.o
 .rodata.charset_length
                0x00000000        0x1 src/GraphicsDriver/Display.o
 .text          0x00000000        0x0 src/GUI/Button.o
 .data          0x00000000        0x0 src/GUI/Button.o
 .bss           0x00000000        0x0 src/GUI/Button.o
 .text          0x00000000        0x0 src/HAL/HardwareInterface.o
 .data          0x00000000        0x0 src/HAL/HardwareInterface.o
 .bss           0x00000000        0x0 src/HAL/HardwareInterface.o
 .text.display_enable
                0x00000000        0x6 src/HAL/HardwareInterface.o
 .text.display_disable
                0x00000000        0x6 src/HAL/HardwareInterface.o
 .text          0x00000000        0x0 src/OS/Kernel.o
 .data          0x00000000        0x0 src/OS/Kernel.o
 .bss           0x00000000        0x0 src/OS/Kernel.o
 .text.kernel_timer_disable
                0x00000000        0x6 src/OS/Kernel.o
 .text          0x00000000        0x0 src/OS/Program.o
 .data          0x00000000        0x0 src/OS/Program.o
 .bss           0x00000000        0x0 src/OS/Program.o
 .comment       0x00000000       0x31 src/OS/Program.o
 .text          0x00000000        0x0 src/OS/Programs/clear.o
 .data          0x00000000        0x0 src/OS/Programs/clear.o
 .bss           0x00000000        0x0 src/OS/Programs/clear.o
 .text          0x00000000        0x0 src/OS/Programs/count_down.o
 .data          0x00000000        0x0 src/OS/Programs/count_down.o
 .bss           0x00000000        0x0 src/OS/Programs/count_down.o
 .text          0x00000000        0x0 src/OS/Programs/gfx_test.o
 .data          0x00000000        0x0 src/OS/Programs/gfx_test.o
 .bss           0x00000000        0x0 src/OS/Programs/gfx_test.o
 .text          0x00000000        0x0 src/OS/Programs/hello_world.o
 .data          0x00000000        0x0 src/OS/Programs/hello_world.o
 .bss           0x00000000        0x0 src/OS/Programs/hello_world.o
 .text          0x00000000        0x0 src/OS/Programs/operating_system.o
 .data          0x00000000        0x0 src/OS/Programs/operating_system.o
 .bss           0x00000000        0x0 src/OS/Programs/operating_system.o
 .text          0x00000000        0x0 src/OS/Programs/serial_listener.o
 .data          0x00000000        0x0 src/OS/Programs/serial_listener.o
 .bss           0x00000000        0x0 src/OS/Programs/serial_listener.o
 .text          0x00000000        0x0 src/Tools/Tools.o
 .data          0x00000000        0x0 src/Tools/Tools.o
 .bss           0x00000000        0x0 src/Tools/Tools.o
 .text.system_sleep_us
                0x00000000       0x12 src/Tools/Tools.o
 .rodata.str1.1
                0x00000000        0x3 src/Tools/Tools.o
 .text.uint_to_string
                0x00000000       0x4e src/Tools/Tools.o
 .text.string_starts_with
                0x00000000        0x4 src/Tools/Tools.o
 .text.system_read_temperature
                0x00000000      0x14c src/Tools/Tools.o
 .text          0x00000000        0x0 d:/programme/atmel/studio/7.0/toolchain/avr8/avr8-gnu-toolchain/bin/../lib/gcc/avr/5.4.0/../../../../avr/lib/avr51\libm.a(addsf3.o)
 .data          0x00000000        0x0 d:/programme/atmel/studio/7.0/toolchain/avr8/avr8-gnu-toolchain/bin/../lib/gcc/avr/5.4.0/../../../../avr/lib/avr51\libm.a(addsf3.o)
 .bss           0x00000000        0x0 d:/programme/atmel/studio/7.0/toolchain/avr8/avr8-gnu-toolchain/bin/../lib/gcc/avr/5.4.0/../../../../avr/lib/avr51\libm.a(addsf3.o)
 .text.avr-libc.fplib
                0x00000000        0xe d:/programme/atmel/studio/7.0/toolchain/avr8/avr8-gnu-toolchain/bin/../lib/gcc/avr/5.4.0/../../../../avr/lib/avr51\libm.a(addsf3.o)
 .text          0x00000000        0x0 d:/programme/atmel/studio/7.0/toolchain/avr8/avr8-gnu-toolchain/bin/../lib/gcc/avr/5.4.0/../../../../avr/lib/avr51\libm.a(addsf3x.o)
 .data          0x00000000        0x0 d:/programme/atmel/studio/7.0/toolchain/avr8/avr8-gnu-toolchain/bin/../lib/gcc/avr/5.4.0/../../../../avr/lib/avr51\libm.a(addsf3x.o)
 .bss           0x00000000        0x0 d:/programme/atmel/studio/7.0/toolchain/avr8/avr8-gnu-toolchain/bin/../lib/gcc/avr/5.4.0/../../../../avr/lib/avr51\libm.a(addsf3x.o)
 .text.avr-libc.fplib
                0x00000000       0xcc d:/programme/atmel/studio/7.0/toolchain/avr8/avr8-gnu-toolchain/bin/../lib/gcc/avr/5.4.0/../../../../avr/lib/avr51\libm.a(addsf3x.o)
 .text          0x00000000        0x0 d:/programme/atmel/studio/7.0/toolchain/avr8/avr8-gnu-toolchain/bin/../lib/gcc/avr/5.4.0/../../../../avr/lib/avr51\libm.a(cmpsf2.o)
 .data          0x00000000        0x0 d:/programme/atmel/studio/7.0/toolchain/avr8/avr8-gnu-toolchain/bin/../lib/gcc/avr/5.4.0/../../../../avr/lib/avr51\libm.a(cmpsf2.o)
 .bss           0x00000000        0x0 d:/programme/atmel/studio/7.0/toolchain/avr8/avr8-gnu-toolchain/bin/../lib/gcc/avr/5.4.0/../../../../avr/lib/avr51\libm.a(cmpsf2.o)
 .text          0x00000000        0x0 d:/programme/atmel/studio/7.0/toolchain/avr8/avr8-gnu-toolchain/bin/../lib/gcc/avr/5.4.0/../../../../avr/lib/avr51\libm.a(divsf3.o)
 .data          0x00000000        0x0 d:/programme/atmel/studio/7.0/toolchain/avr8/avr8-gnu-toolchain/bin/../lib/gcc/avr/5.4.0/../../../../avr/lib/avr51\libm.a(divsf3.o)
 .bss           0x00000000        0x0 d:/programme/atmel/studio/7.0/toolchain/avr8/avr8-gnu-toolchain/bin/../lib/gcc/avr/5.4.0/../../../../avr/lib/avr51\libm.a(divsf3.o)
 .text          0x00000000        0x0 d:/programme/atmel/studio/7.0/toolchain/avr8/avr8-gnu-toolchain/bin/../lib/gcc/avr/5.4.0/../../../../avr/lib/avr51\libm.a(divsf3x.o)
 .data          0x00000000        0x0 d:/programme/atmel/studio/7.0/toolchain/avr8/avr8-gnu-toolchain/bin/../lib/gcc/avr/5.4.0/../../../../avr/lib/avr51\libm.a(divsf3x.o)
 .bss           0x00000000        0x0 d:/programme/atmel/studio/7.0/toolchain/avr8/avr8-gnu-toolchain/bin/../lib/gcc/avr/5.4.0/../../../../avr/lib/avr51\libm.a(divsf3x.o)
 .text          0x00000000        0x0 d:/programme/atmel/studio/7.0/toolchain/avr8/avr8-gnu-toolchain/bin/../lib/gcc/avr/5.4.0/../../../../avr/lib/avr51\libm.a(fixunssfsi.o)
 .data          0x00000000        0x0 d:/programme/atmel/studio/7.0/toolchain/avr8/avr8-gnu-toolchain/bin/../lib/gcc/avr/5.4.0/../../../../avr/lib/avr51\libm.a(fixunssfsi.o)
 .bss           0x00000000        0x0 d:/programme/atmel/studio/7.0/toolchain/avr8/avr8-gnu-toolchain/bin/../lib/gcc/avr/5.4.0/../../../../avr/lib/avr51\libm.a(fixunssfsi.o)
 .text          0x00000000        0x0 d:/programme/atmel/studio/7.0/toolchain/avr8/avr8-gnu-toolchain/bin/../lib/gcc/avr/5.4.0/../../../../avr/lib/avr51\libm.a(floatsisf.o)
 .data          0x00000000        0x0 d:/programme/atmel/studio/7.0/toolchain/avr8/avr8-gnu-toolchain/bin/../lib/gcc/avr/5.4.0/../../../../avr/lib/avr51\libm.a(floatsisf.o)
 .bss           0x00000000        0x0 d:/programme/atmel/studio/7.0/toolchain/avr8/avr8-gnu-toolchain/bin/../lib/gcc/avr/5.4.0/../../../../avr/lib/avr51\libm.a(floatsisf.o)
 .text          0x00000000        0x0 d:/programme/atmel/studio/7.0/toolchain/avr8/avr8-gnu-toolchain/bin/../lib/gcc/avr/5.4.0/../../../../avr/lib/avr51\libm.a(fp_cmp.o)
 .data          0x00000000        0x0 d:/programme/atmel/studio/7.0/toolchain/avr8/avr8-gnu-toolchain/bin/../lib/gcc/avr/5.4.0/../../../../avr/lib/avr51\libm.a(fp_cmp.o)
 .bss           0x00000000        0x0 d:/programme/atmel/studio/7.0/toolchain/avr8/avr8-gnu-toolchain/bin/../lib/gcc/avr/5.4.0/../../../../avr/lib/avr51\libm.a(fp_cmp.o)
 .text          0x00000000        0x0 d:/programme/atmel/studio/7.0/toolchain/avr8/avr8-gnu-toolchain/bin/../lib/gcc/avr/5.4.0/../../../../avr/lib/avr51\libm.a(fp_inf.o)
 .data          0x00000000        0x0 d:/programme/atmel/studio/7.0/toolchain/avr8/avr8-gnu-toolchain/bin/../lib/gcc/avr/5.4.0/../../../../avr/lib/avr51\libm.a(fp_inf.o)
 .bss           0x00000000        0x0 d:/programme/atmel/studio/7.0/toolchain/avr8/avr8-gnu-toolchain/bin/../lib/gcc/avr/5.4.0/../../../../avr/lib/avr51\libm.a(fp_inf.o)
 .text          0x00000000        0x0 d:/programme/atmel/studio/7.0/toolchain/avr8/avr8-gnu-toolchain/bin/../lib/gcc/avr/5.4.0/../../../../avr/lib/avr51\libm.a(fp_nan.o)
 .data          0x00000000        0x0 d:/programme/atmel/studio/7.0/toolchain/avr8/avr8-gnu-toolchain/bin/../lib/gcc/avr/5.4.0/../../../../avr/lib/avr51\libm.a(fp_nan.o)
 .bss           0x00000000        0x0 d:/programme/atmel/studio/7.0/toolchain/avr8/avr8-gnu-toolchain/bin/../lib/gcc/avr/5.4.0/../../../../avr/lib/avr51\libm.a(fp_nan.o)
 .text          0x00000000        0x0 d:/programme/atmel/studio/7.0/toolchain/avr8/avr8-gnu-toolchain/bin/../lib/gcc/avr/5.4.0/../../../../avr/lib/avr51\libm.a(fp_pscA.o)
 .data          0x00000000        0x0 d:/programme/atmel/studio/7.0/toolchain/avr8/avr8-gnu-toolchain/bin/../lib/gcc/avr/5.4.0/../../../../avr/lib/avr51\libm.a(fp_pscA.o)
 .bss           0x00000000        0x0 d:/programme/atmel/studio/7.0/toolchain/avr8/avr8-gnu-toolchain/bin/../lib/gcc/avr/5.4.0/../../../../avr/lib/avr51\libm.a(fp_pscA.o)
 .text          0x00000000        0x0 d:/programme/atmel/studio/7.0/toolchain/avr8/avr8-gnu-toolchain/bin/../lib/gcc/avr/5.4.0/../../../../avr/lib/avr51\libm.a(fp_pscB.o)
 .data          0x00000000        0x0 d:/programme/atmel/studio/7.0/toolchain/avr8/avr8-gnu-toolchain/bin/../lib/gcc/avr/5.4.0/../../../../avr/lib/avr51\libm.a(fp_pscB.o)
 .bss           0x00000000        0x0 d:/programme/atmel/studio/7.0/toolchain/avr8/avr8-gnu-toolchain/bin/../lib/gcc/avr/5.4.0/../../../../avr/lib/avr51\libm.a(fp_pscB.o)
 .text          0x00000000        0x0 d:/programme/atmel/studio/7.0/toolchain/avr8/avr8-gnu-toolchain/bin/../lib/gcc/avr/5.4.0/../../../../avr/lib/avr51\libm.a(fp_round.o)
 .data          0x00000000        0x0 d:/programme/atmel/studio/7.0/toolchain/avr8/avr8-gnu-toolchain/bin/../lib/gcc/avr/5.4.0/../../../../avr/lib/avr51\libm.a(fp_round.o)
 .bss           0x00000000        0x0 d:/programme/atmel/studio/7.0/toolchain/avr8/avr8-gnu-toolchain/bin/../lib/gcc/avr/5.4.0/../../../../avr/lib/avr51\libm.a(fp_round.o)
 .text          0x00000000        0x0 d:/programme/atmel/studio/7.0/toolchain/avr8/avr8-gnu-toolchain/bin/../lib/gcc/avr/5.4.0/../../../../avr/lib/avr51\libm.a(fp_split3.o)
 .data          0x00000000        0x0 d:/programme/atmel/studio/7.0/toolchain/avr8/avr8-gnu-toolchain/bin/../lib/gcc/avr/5.4.0/../../../../avr/lib/avr51\libm.a(fp_split3.o)
 .bss           0x00000000        0x0 d:/programme/atmel/studio/7.0/toolchain/avr8/avr8-gnu-toolchain/bin/../lib/gcc/avr/5.4.0/../../../../avr/lib/avr51\libm.a(fp_split3.o)
 .text          0x00000000        0x0 d:/programme/atmel/studio/7.0/toolchain/avr8/avr8-gnu-toolchain/bin/../lib/gcc/avr/5.4.0/../../../../avr/lib/avr51\libm.a(fp_zero.o)
 .data          0x00000000        0x0 d:/programme/atmel/studio/7.0/toolchain/avr8/avr8-gnu-toolchain/bin/../lib/gcc/avr/5.4.0/../../../../avr/lib/avr51\libm.a(fp_zero.o)
 .bss           0x00000000        0x0 d:/programme/atmel/studio/7.0/toolchain/avr8/avr8-gnu-toolchain/bin/../lib/gcc/avr/5.4.0/../../../../avr/lib/avr51\libm.a(fp_zero.o)
 .text          0x00000000        0x0 d:/programme/atmel/studio/7.0/toolchain/avr8/avr8-gnu-toolchain/bin/../lib/gcc/avr/5.4.0/../../../../avr/lib/avr51\libm.a(mulsf3.o)
 .data          0x00000000        0x0 d:/programme/atmel/studio/7.0/toolchain/avr8/avr8-gnu-toolchain/bin/../lib/gcc/avr/5.4.0/../../../../avr/lib/avr51\libm.a(mulsf3.o)
 .bss           0x00000000        0x0 d:/programme/atmel/studio/7.0/toolchain/avr8/avr8-gnu-toolchain/bin/../lib/gcc/avr/5.4.0/../../../../avr/lib/avr51\libm.a(mulsf3.o)
 .text          0x00000000        0x0 d:/programme/atmel/studio/7.0/toolchain/avr8/avr8-gnu-toolchain/bin/../lib/gcc/avr/5.4.0/../../../../avr/lib/avr51\libm.a(mulsf3x.o)
 .data          0x00000000        0x0 d:/programme/atmel/studio/7.0/toolchain/avr8/avr8-gnu-toolchain/bin/../lib/gcc/avr/5.4.0/../../../../avr/lib/avr51\libm.a(mulsf3x.o)
 .bss           0x00000000        0x0 d:/programme/atmel/studio/7.0/toolchain/avr8/avr8-gnu-toolchain/bin/../lib/gcc/avr/5.4.0/../../../../avr/lib/avr51\libm.a(mulsf3x.o)
 .text          0x00000000        0x0 d:/programme/atmel/studio/7.0/toolchain/avr8/avr8-gnu-toolchain/bin/../lib/gcc/avr/5.4.0/avr51\libgcc.a(_exit.o)
 .data          0x00000000        0x0 d:/programme/atmel/studio/7.0/toolchain/avr8/avr8-gnu-toolchain/bin/../lib/gcc/avr/5.4.0/avr51\libgcc.a(_exit.o)
 .bss           0x00000000        0x0 d:/programme/atmel/studio/7.0/toolchain/avr8/avr8-gnu-toolchain/bin/../lib/gcc/avr/5.4.0/avr51\libgcc.a(_exit.o)
 .text.libgcc.mul
                0x00000000        0x0 d:/programme/atmel/studio/7.0/toolchain/avr8/avr8-gnu-toolchain/bin/../lib/gcc/avr/5.4.0/avr51\libgcc.a(_exit.o)
 .text.libgcc.div
                0x00000000        0x0 d:/programme/atmel/studio/7.0/toolchain/avr8/avr8-gnu-toolchain/bin/../lib/gcc/avr/5.4.0/avr51\libgcc.a(_exit.o)
 .text.libgcc   0x00000000        0x0 d:/programme/atmel/studio/7.0/toolchain/avr8/avr8-gnu-toolchain/bin/../lib/gcc/avr/5.4.0/avr51\libgcc.a(_exit.o)
 .text.libgcc.prologue
                0x00000000        0x0 d:/programme/atmel/studio/7.0/toolchain/avr8/avr8-gnu-toolchain/bin/../lib/gcc/avr/5.4.0/avr51\libgcc.a(_exit.o)
 .text.libgcc.builtins
                0x00000000        0x0 d:/programme/atmel/studio/7.0/toolchain/avr8/avr8-gnu-toolchain/bin/../lib/gcc/avr/5.4.0/avr51\libgcc.a(_exit.o)
 .text.libgcc.fmul
                0x00000000        0x0 d:/programme/atmel/studio/7.0/toolchain/avr8/avr8-gnu-toolchain/bin/../lib/gcc/avr/5.4.0/avr51\libgcc.a(_exit.o)
 .text.libgcc.fixed
                0x00000000        0x0 d:/programme/atmel/studio/7.0/toolchain/avr8/avr8-gnu-toolchain/bin/../lib/gcc/avr/5.4.0/avr51\libgcc.a(_exit.o)
 .text          0x00000000        0x0 d:/programme/atmel/studio/7.0/toolchain/avr8/avr8-gnu-toolchain/bin/../lib/gcc/avr/5.4.0/avr51\libgcc.a(_copy_data.o)
 .data          0x00000000        0x0 d:/programme/atmel/studio/7.0/toolchain/avr8/avr8-gnu-toolchain/bin/../lib/gcc/avr/5.4.0/avr51\libgcc.a(_copy_data.o)
 .bss           0x00000000        0x0 d:/programme/atmel/studio/7.0/toolchain/avr8/avr8-gnu-toolchain/bin/../lib/gcc/avr/5.4.0/avr51\libgcc.a(_copy_data.o)
 .text.libgcc.mul
                0x00000000        0x0 d:/programme/atmel/studio/7.0/toolchain/avr8/avr8-gnu-toolchain/bin/../lib/gcc/avr/5.4.0/avr51\libgcc.a(_copy_data.o)
 .text.libgcc.div
                0x00000000        0x0 d:/programme/atmel/studio/7.0/toolchain/avr8/avr8-gnu-toolchain/bin/../lib/gcc/avr/5.4.0/avr51\libgcc.a(_copy_data.o)
 .text.libgcc   0x00000000        0x0 d:/programme/atmel/studio/7.0/toolchain/avr8/avr8-gnu-toolchain/bin/../lib/gcc/avr/5.4.0/avr51\libgcc.a(_copy_data.o)
 .text.libgcc.prologue
                0x00000000        0x0 d:/programme/atmel/studio/7.0/toolchain/avr8/avr8-gnu-toolchain/bin/../lib/gcc/avr/5.4.0/avr51\libgcc.a(_copy_data.o)
 .text.libgcc.builtins
                0x00000000        0x0 d:/programme/atmel/studio/7.0/toolchain/avr8/avr8-gnu-toolchain/bin/../lib/gcc/avr/5.4.0/avr51\libgcc.a(_copy_data.o)
 .text.libgcc.fmul
                0x00000000        0x0 d:/programme/atmel/studio/7.0/toolchain/avr8/avr8-gnu-toolchain/bin/../lib/gcc/avr/5.4.0/avr51\libgcc.a(_copy_data.o)
 .text.libgcc.fixed
                0x00000000        0x0 d:/programme/atmel/studio/7.0/toolchain/avr8/avr8-gnu-toolchain/bin/../lib/gcc/avr/5.4.0/avr51\libgcc.a(_copy_data.o)
 .text          0x00000000        0x0 d:/programme/atmel/studio/7.0/toolchain/avr8/avr8-gnu-toolchain/bin/../lib/gcc/avr/5.4.0/avr51\libgcc.a(_clear_bss.o)
 .data          0x00000000        0x0 d:/programme/atmel/studio/7.0/toolchain/avr8/avr8-gnu-toolchain/bin/../lib/gcc/avr/5.4.0/avr51\libgcc.a(_clear_bss.o)
 .bss           0x00000000        0x0 d:/programme/atmel/studio/7.0/toolchain/avr8/avr8-gnu-toolchain/bin/../lib/gcc/avr/5.4.0/avr51\libgcc.a(_clear_bss.o)
 .text.libgcc.mul
                0x00000000        0x0 d:/programme/atmel/studio/7.0/toolchain/avr8/avr8-gnu-toolchain/bin/../lib/gcc/avr/5.4.0/avr51\libgcc.a(_clear_bss.o)
 .text.libgcc.div
                0x00000000        0x0 d:/programme/atmel/studio/7.0/toolchain/avr8/avr8-gnu-toolchain/bin/../lib/gcc/avr/5.4.0/avr51\libgcc.a(_clear_bss.o)
 .text.libgcc   0x00000000        0x0 d:/programme/atmel/studio/7.0/toolchain/avr8/avr8-gnu-toolchain/bin/../lib/gcc/avr/5.4.0/avr51\libgcc.a(_clear_bss.o)
 .text.libgcc.prologue
                0x00000000        0x0 d:/programme/atmel/studio/7.0/toolchain/avr8/avr8-gnu-toolchain/bin/../lib/gcc/avr/5.4.0/avr51\libgcc.a(_clear_bss.o)
 .text.libgcc.builtins
                0x00000000        0x0 d:/programme/atmel/studio/7.0/toolchain/avr8/avr8-gnu-toolchain/bin/../lib/gcc/avr/5.4.0/avr51\libgcc.a(_clear_bss.o)
 .text.libgcc.fmul
                0x00000000        0x0 d:/programme/atmel/studio/7.0/toolchain/avr8/avr8-gnu-toolchain/bin/../lib/gcc/avr/5.4.0/avr51\libgcc.a(_clear_bss.o)
 .text.libgcc.fixed
                0x00000000        0x0 d:/programme/atmel/studio/7.0/toolchain/avr8/avr8-gnu-toolchain/bin/../lib/gcc/avr/5.4.0/avr51\libgcc.a(_clear_bss.o)
 .text          0x00000000        0x0 d:/programme/atmel/studio/7.0/toolchain/avr8/avr8-gnu-toolchain/bin/../lib/gcc/avr/5.4.0/../../../../avr/lib/avr51\libc.a(sprintf.o)
 .data          0x00000000        0x0 d:/programme/atmel/studio/7.0/toolchain/avr8/avr8-gnu-toolchain/bin/../lib/gcc/avr/5.4.0/../../../../avr/lib/avr51\libc.a(sprintf.o)
 .bss           0x00000000        0x0 d:/programme/atmel/studio/7.0/toolchain/avr8/avr8-gnu-toolchain/bin/../lib/gcc/avr/5.4.0/../../../../avr/lib/avr51\libc.a(sprintf.o)
 .text          0x00000000        0x0 d:/programme/atmel/studio/7.0/toolchain/avr8/avr8-gnu-toolchain/bin/../lib/gcc/avr/5.4.0/../../../../avr/lib/avr51\libc.a(vfprintf_std.o)
 .data          0x00000000        0x0 d:/programme/atmel/studio/7.0/toolchain/avr8/avr8-gnu-toolchain/bin/../lib/gcc/avr/5.4.0/../../../../avr/lib/avr51\libc.a(vfprintf_std.o)
 .bss           0x00000000        0x0 d:/programme/atmel/studio/7.0/toolchain/avr8/avr8-gnu-toolchain/bin/../lib/gcc/avr/5.4.0/../../../../avr/lib/avr51\libc.a(vfprintf_std.o)
 .text          0x00000000        0x0 d:/programme/atmel/studio/7.0/toolchain/avr8/avr8-gnu-toolchain/bin/../lib/gcc/avr/5.4.0/../../../../avr/lib/avr51\libc.a(strnlen_P.o)
 .data          0x00000000        0x0 d:/programme/atmel/studio/7.0/toolchain/avr8/avr8-gnu-toolchain/bin/../lib/gcc/avr/5.4.0/../../../../avr/lib/avr51\libc.a(strnlen_P.o)
 .bss           0x00000000        0x0 d:/programme/atmel/studio/7.0/toolchain/avr8/avr8-gnu-toolchain/bin/../lib/gcc/avr/5.4.0/../../../../avr/lib/avr51\libc.a(strnlen_P.o)
 .text          0x00000000        0x0 d:/programme/atmel/studio/7.0/toolchain/avr8/avr8-gnu-toolchain/bin/../lib/gcc/avr/5.4.0/../../../../avr/lib/avr51\libc.a(strnlen.o)
 .data          0x00000000        0x0 d:/programme/atmel/studio/7.0/toolchain/avr8/avr8-gnu-toolchain/bin/../lib/gcc/avr/5.4.0/../../../../avr/lib/avr51\libc.a(strnlen.o)
 .bss           0x00000000        0x0 d:/programme/atmel/studio/7.0/toolchain/avr8/avr8-gnu-toolchain/bin/../lib/gcc/avr/5.4.0/../../../../avr/lib/avr51\libc.a(strnlen.o)
 .text          0x00000000        0x0 d:/programme/atmel/studio/7.0/toolchain/avr8/avr8-gnu-toolchain/bin/../lib/gcc/avr/5.4.0/../../../../avr/lib/avr51\libc.a(fputc.o)
 .data          0x00000000        0x0 d:/programme/atmel/studio/7.0/toolchain/avr8/avr8-gnu-toolchain/bin/../lib/gcc/avr/5.4.0/../../../../avr/lib/avr51\libc.a(fputc.o)
 .bss           0x00000000        0x0 d:/programme/atmel/studio/7.0/toolchain/avr8/avr8-gnu-toolchain/bin/../lib/gcc/avr/5.4.0/../../../../avr/lib/avr51\libc.a(fputc.o)
 .text          0x00000000        0x0 d:/programme/atmel/studio/7.0/toolchain/avr8/avr8-gnu-toolchain/bin/../lib/gcc/avr/5.4.0/../../../../avr/lib/avr51\libc.a(ultoa_invert.o)
 .data          0x00000000        0x0 d:/programme/atmel/studio/7.0/toolchain/avr8/avr8-gnu-toolchain/bin/../lib/gcc/avr/5.4.0/../../../../avr/lib/avr51\libc.a(ultoa_invert.o)
 .bss           0x00000000        0x0 d:/programme/atmel/studio/7.0/toolchain/avr8/avr8-gnu-toolchain/bin/../lib/gcc/avr/5.4.0/../../../../avr/lib/avr51\libc.a(ultoa_invert.o)

Memory Configuration

Name             Origin             Length             Attributes
text             0x00000000         0x00020000         xr
data             0x00800100         0x0000ff00         rw !x
eeprom           0x00810000         0x00010000         rw !x
fuse             0x00820000         0x00000400         rw !x
lock             0x00830000         0x00000400         rw !x
signature        0x00840000         0x00000400         rw !x
user_signatures  0x00850000         0x00000400         rw !x
*default*        0x00000000         0xffffffff

Linker script and memory map

Address of section .data set to 0x800100
LOAD D:/Programme/Atmel/Studio/7.0/Packs/atmel/ATmega_DFP/1.0.90/gcc/dev/atmega1284p/avr51/crtatmega1284p.o
LOAD src/Extern/dallas_one_wire.o
LOAD src/Extern/twimaster.o
LOAD src/GPU.o
LOAD src/GraphicsDriver/Display.o
LOAD src/GUI/Button.o
LOAD src/HAL/HardwareInterface.o
LOAD src/OS/Kernel.o
LOAD src/OS/Program.o
LOAD src/OS/Programs/clear.o
LOAD src/OS/Programs/count_down.o
LOAD src/OS/Programs/gfx_test.o
LOAD src/OS/Programs/hello_world.o
LOAD src/OS/Programs/operating_system.o
LOAD src/OS/Programs/serial_listener.o
LOAD src/Tools/Tools.o
START GROUP
LOAD d:/programme/atmel/studio/7.0/toolchain/avr8/avr8-gnu-toolchain/bin/../lib/gcc/avr/5.4.0/../../../../avr/lib/avr51\libm.a
END GROUP
START GROUP
LOAD d:/programme/atmel/studio/7.0/toolchain/avr8/avr8-gnu-toolchain/bin/../lib/gcc/avr/5.4.0/avr51\libgcc.a
LOAD d:/programme/atmel/studio/7.0/toolchain/avr8/avr8-gnu-toolchain/bin/../lib/gcc/avr/5.4.0/../../../../avr/lib/avr51\libm.a
LOAD d:/programme/atmel/studio/7.0/toolchain/avr8/avr8-gnu-toolchain/bin/../lib/gcc/avr/5.4.0/../../../../avr/lib/avr51\libc.a
LOAD D:/Programme/Atmel/Studio/7.0/Packs/atmel/ATmega_DFP/1.0.90/gcc/dev/atmega1284p/avr51\libatmega1284p.a
END GROUP
                0x00020000                __TEXT_REGION_LENGTH__ = DEFINED (__TEXT_REGION_LENGTH__)?__TEXT_REGION_LENGTH__:0x20000
                0x0000ff00                __DATA_REGION_LENGTH__ = DEFINED (__DATA_REGION_LENGTH__)?__DATA_REGION_LENGTH__:0xff00
                0x00010000                __EEPROM_REGION_LENGTH__ = DEFINED (__EEPROM_REGION_LENGTH__)?__EEPROM_REGION_LENGTH__:0x10000
                0x00000400                __FUSE_REGION_LENGTH__ = DEFINED (__FUSE_REGION_LENGTH__)?__FUSE_REGION_LENGTH__:0x400
                0x00000400                __LOCK_REGION_LENGTH__ = DEFINED (__LOCK_REGION_LENGTH__)?__LOCK_REGION_LENGTH__:0x400
                0x00000400                __SIGNATURE_REGION_LENGTH__ = DEFINED (__SIGNATURE_REGION_LENGTH__)?__SIGNATURE_REGION_LENGTH__:0x400
                0x00000400                __USER_SIGNATURE_REGION_LENGTH__ = DEFINED (__USER_SIGNATURE_REGION_LENGTH__)?__USER_SIGNATURE_REGION_LENGTH__:0x400

.hash
 *(.hash)

.dynsym
 *(.dynsym)

.dynstr
 *(.dynstr)

.gnu.version
 *(.gnu.version)

.gnu.version_d
 *(.gnu.version_d)

.gnu.version_r
 *(.gnu.version_r)

.rel.init
 *(.rel.init)

.rela.init
 *(.rela.init)

.rel.text
 *(.rel.text)
 *(.rel.text.*)
 *(.rel.gnu.linkonce.t*)

.rela.text
 *(.rela.text)
 *(.rela.text.*)
 *(.rela.gnu.linkonce.t*)

.rel.fini
 *(.rel.fini)

.rela.fini
 *(.rela.fini)

.rel.rodata
 *(.rel.rodata)
 *(.rel.rodata.*)
 *(.rel.gnu.linkonce.r*)

.rela.rodata
 *(.rela.rodata)
 *(.rela.rodata.*)
 *(.rela.gnu.linkonce.r*)

.rel.data
 *(.rel.data)
 *(.rel.data.*)
 *(.rel.gnu.linkonce.d*)

.rela.data
 *(.rela.data)
 *(.rela.data.*)
 *(.rela.gnu.linkonce.d*)

.rel.ctors
 *(.rel.ctors)

.rela.ctors
 *(.rela.ctors)

.rel.dtors
 *(.rel.dtors)

.rela.dtors
 *(.rela.dtors)

.rel.got
 *(.rel.got)

.rela.got
 *(.rela.got)

.rel.bss
 *(.rel.bss)

.rela.bss
 *(.rela.bss)

.rel.plt
 *(.rel.plt)

.rela.plt
 *(.rela.plt)

.text           0x00000000     0x1e18
 *(.vectors)
 .vectors       0x00000000       0x8c D:/Programme/Atmel/Studio/7.0/Packs/atmel/ATmega_DFP/1.0.90/gcc/dev/atmega1284p/avr51/crtatmega1284p.o
                0x00000000                __vector_default
                0x00000000                __vectors
 *(.vectors)
 *(.progmem.gcc*)
                0x0000008c                . = ALIGN (0x2)
                0x0000008c                __trampolines_start = .
 *(.trampolines)
 .trampolines   0x0000008c        0x0 linker stubs
 *(.trampolines*)
                0x0000008c                __trampolines_end = .
 *libprintf_flt.a:*(.progmem.data)
 *libc.a:*(.progmem.data)
 *(.progmem*)
 .progmem.data.charset
                0x0000008c      0x474 src/GraphicsDriver/Display.o
                0x0000008c                charset
                0x00000500                . = ALIGN (0x2)
 *(.jumptables)
 *(.jumptables*)
 *(.lowtext)
 *(.lowtext*)
                0x00000500                __ctors_start = .
 *(.ctors)
                0x00000500                __ctors_end = .
                0x00000500                __dtors_start = .
 *(.dtors)
                0x00000500                __dtors_end = .
 SORT(*)(.ctors)
 SORT(*)(.dtors)
 *(.init0)
 .init0         0x00000500        0x0 D:/Programme/Atmel/Studio/7.0/Packs/atmel/ATmega_DFP/1.0.90/gcc/dev/atmega1284p/avr51/crtatmega1284p.o
                0x00000500                __init
 *(.init0)
 *(.init1)
 *(.init1)
 *(.init2)
 .init2         0x00000500        0xc D:/Programme/Atmel/Studio/7.0/Packs/atmel/ATmega_DFP/1.0.90/gcc/dev/atmega1284p/avr51/crtatmega1284p.o
 *(.init2)
 *(.init3)
 *(.init3)
 *(.init4)
 .init4         0x0000050c       0x1a d:/programme/atmel/studio/7.0/toolchain/avr8/avr8-gnu-toolchain/bin/../lib/gcc/avr/5.4.0/avr51\libgcc.a(_copy_data.o)
                0x0000050c                __do_copy_data
 .init4         0x00000526       0x10 d:/programme/atmel/studio/7.0/toolchain/avr8/avr8-gnu-toolchain/bin/../lib/gcc/avr/5.4.0/avr51\libgcc.a(_clear_bss.o)
                0x00000526                __do_clear_bss
 *(.init4)
 *(.init5)
 *(.init5)
 *(.init6)
 *(.init6)
 *(.init7)
 *(.init7)
 *(.init8)
 *(.init8)
 *(.init9)
 .init9         0x00000536        0x6 D:/Programme/Atmel/Studio/7.0/Packs/atmel/ATmega_DFP/1.0.90/gcc/dev/atmega1284p/avr51/crtatmega1284p.o
 *(.init9)
 *(.text)
 .text          0x0000053c        0x2 D:/Programme/Atmel/Studio/7.0/Packs/atmel/ATmega_DFP/1.0.90/gcc/dev/atmega1284p/avr51/crtatmega1284p.o
                0x0000053c                __vector_22
                0x0000053c                __vector_28
                0x0000053c                __vector_1
                0x0000053c                __vector_32
                0x0000053c                __vector_24
                0x0000053c                __vector_12
                0x0000053c                __bad_interrupt
                0x0000053c                __vector_6
                0x0000053c                __vector_31
                0x0000053c                __vector_23
                0x0000053c                __vector_30
                0x0000053c                __vector_25
                0x0000053c                __vector_11
                0x0000053c                __vector_13
                0x0000053c                __vector_17
                0x0000053c                __vector_19
                0x0000053c                __vector_7
                0x0000053c                __vector_27
                0x0000053c                __vector_5
                0x0000053c                __vector_33
                0x0000053c                __vector_4
                0x0000053c                __vector_9
                0x0000053c                __vector_2
                0x0000053c                __vector_21
                0x0000053c                __vector_29
                0x0000053c                __vector_8
                0x0000053c                __vector_26
                0x0000053c                __vector_14
                0x0000053c                __vector_10
                0x0000053c                __vector_16
                0x0000053c                __vector_18
                0x0000053c                __vector_20
                0x0000053e                . = ALIGN (0x2)
 *(.text.*)
 .text.i2c_init
                0x0000053e        0xc src/Extern/twimaster.o
                0x0000053e                i2c_init
 .text.i2c_start_wait
                0x0000054a       0x4e src/Extern/twimaster.o
                0x0000054a                i2c_start_wait
 .text.i2c_stop
                0x00000598       0x10 src/Extern/twimaster.o
                0x00000598                i2c_stop
 .text.i2c_write
                0x000005a8       0x22 src/Extern/twimaster.o
                0x000005a8                i2c_write
 .text.i2c_readAck
                0x000005ca       0x14 src/Extern/twimaster.o
                0x000005ca                i2c_readAck
 .text.i2c_readNak
                0x000005de       0x14 src/Extern/twimaster.o
                0x000005de                i2c_readNak
 .text.hardware_initialize
                0x000005f2       0x60 src/GPU.o
                0x000005f2                hardware_initialize
 .text.startup.main
                0x00000652       0x1a src/GPU.o
                0x00000652                main
 .text.buffer_clear
                0x0000066c       0x26 src/GraphicsDriver/Display.o
 .text.buffer_set_pixel
                0x00000692       0x36 src/GraphicsDriver/Display.o
 .text.buffer_draw_line
                0x000006c8      0x148 src/GraphicsDriver/Display.o
 .text.buffer_draw_rectangle
                0x00000810       0x4a src/GraphicsDriver/Display.o
 .text.buffer_write_text
                0x0000085a       0xfe src/GraphicsDriver/Display.o
 .text.disp_driver_initialize
                0x00000958       0x36 src/GraphicsDriver/Display.o
                0x00000958                disp_driver_initialize
 .text.disp_driver_set_graphics_mode
                0x0000098e        0xc src/GraphicsDriver/Display.o
                0x0000098e                disp_driver_set_graphics_mode
 .text.tm_clear
                0x0000099a       0x3e src/GraphicsDriver/Display.o
                0x0000099a                tm_clear
 .text.tm_print
                0x000009d8       0xfe src/GraphicsDriver/Display.o
                0x000009d8                tm_print
 .text.tm_print_byte
                0x00000ad6       0x56 src/GraphicsDriver/Display.o
                0x00000ad6                tm_print_byte
 .text.gfx_fill
                0x00000b2c      0x1a4 src/GraphicsDriver/Display.o
                0x00000b2c                gfx_fill
 .text.gfx_clear
                0x00000cd0        0xc src/GraphicsDriver/Display.o
                0x00000cd0                gfx_clear
 .text.gfx_draw_circle
                0x00000cdc       0xea src/GraphicsDriver/Display.o
                0x00000cdc                gfx_draw_circle
 .text.gfx_draw_rectangle
                0x00000dc6       0x18 src/GraphicsDriver/Display.o
                0x00000dc6                gfx_draw_rectangle
 .text.buffer_draw_button
                0x00000dde      0x10a src/GraphicsDriver/Display.o
                0x00000dde                buffer_draw_button
 .text.__vector_15
                0x00000ee8       0x52 src/GraphicsDriver/Display.o
                0x00000ee8                __vector_15
 .text.button_draw
                0x00000f3a        0xe src/GUI/Button.o
                0x00000f3a                button_draw
 .text.button_get_status
                0x00000f48       0x54 src/GUI/Button.o
                0x00000f48                button_get_status
 .text.display_send_byte
                0x00000f9c        0xa src/HAL/HardwareInterface.o
                0x00000f9c                display_send_byte
 .text.display_initialize
                0x00000fa6       0x42 src/HAL/HardwareInterface.o
                0x00000fa6                display_initialize
 .text.display_select_column
                0x00000fe8       0x16 src/HAL/HardwareInterface.o
                0x00000fe8                display_select_column
 .text.display_select_page
                0x00000ffe        0x8 src/HAL/HardwareInterface.o
                0x00000ffe                display_select_page
 .text.display_clear
                0x00001006       0x26 src/HAL/HardwareInterface.o
                0x00001006                display_clear
 .text.display_send_buffer
                0x0000102c       0x80 src/HAL/HardwareInterface.o
                0x0000102c                display_send_buffer
 .text.display_get_touch
                0x000010ac       0x26 src/HAL/HardwareInterface.o
                0x000010ac                display_get_touch
 .text.kernel_initialize
                0x000010d2       0x70 src/OS/Kernel.o
                0x000010d2                kernel_initialize
 .text.kernel_execute
                0x00001142       0x60 src/OS/Kernel.o
                0x00001142                kernel_execute
 .text.kernel_run
                0x000011a2       0x28 src/OS/Kernel.o
                0x000011a2                kernel_run
 .text.kernel_timer_set
                0x000011ca       0x46 src/OS/Kernel.o
                0x000011ca                kernel_timer_set
 .text.kernel_timer_enable
                0x00001210        0x8 src/OS/Kernel.o
                0x00001210                kernel_timer_enable
 .text.kernel_timer_bind
                0x00001218        0xa src/OS/Kernel.o
                0x00001218                kernel_timer_bind
 .text.kernel_touch_bind
                0x00001222        0xa src/OS/Kernel.o
                0x00001222                kernel_touch_bind
 .text.__vector_34
                0x0000122c       0x7e src/OS/Kernel.o
                0x0000122c                __vector_34
 .text.__vector_3
                0x000012aa       0x74 src/OS/Kernel.o
                0x000012aa                __vector_3
 .text.clear_fnct
                0x0000131e        0x6 src/OS/Programs/clear.o
                0x0000131e                clear_fnct
 .text.count_down_fnct
                0x00001324       0x2a src/OS/Programs/count_down.o
                0x00001324                count_down_fnct
 .text.timer_fnct
                0x0000134e       0x82 src/OS/Programs/gfx_test.o
                0x0000134e                timer_fnct
 .text.gfx_test_fnct
                0x000013d0       0x28 src/OS/Programs/gfx_test.o
                0x000013d0                gfx_test_fnct
 .text.hello_world_fnct
                0x000013f8        0xa src/OS/Programs/hello_world.o
                0x000013f8                hello_world_fnct
 .text.process_touch
                0x00001402       0x20 src/OS/Programs/operating_system.o
                0x00001402                process_touch
 .text.operating_system_fnct
                0x00001422       0x36 src/OS/Programs/operating_system.o
                0x00001422                operating_system_fnct
 .text.serial_listener_fnct
                0x00001458       0x66 src/OS/Programs/serial_listener.o
                0x00001458                serial_listener_fnct
 .text.system_sleep_ms
                0x000014be       0x16 src/Tools/Tools.o
                0x000014be                system_sleep_ms
 .text.string_equals
                0x000014d4       0x30 src/Tools/Tools.o
                0x000014d4                string_equals
 .text.avr-libc.fplib
                0x00001504        0x8 d:/programme/atmel/studio/7.0/toolchain/avr8/avr8-gnu-toolchain/bin/../lib/gcc/avr/5.4.0/../../../../avr/lib/avr51\libm.a(cmpsf2.o)
                0x00001504                __nesf2
                0x00001504                __eqsf2
                0x00001504                __cmpsf2
                0x00001504                __ltsf2
                0x00001504                __lesf2
 .text.avr-libc.fplib
                0x0000150c        0x4 d:/programme/atmel/studio/7.0/toolchain/avr8/avr8-gnu-toolchain/bin/../lib/gcc/avr/5.4.0/../../../../avr/lib/avr51\libm.a(divsf3.o)
                0x0000150c                __divsf3
 .text.avr-libc.fplib
                0x00001510       0xcc d:/programme/atmel/studio/7.0/toolchain/avr8/avr8-gnu-toolchain/bin/../lib/gcc/avr/5.4.0/../../../../avr/lib/avr51\libm.a(divsf3x.o)
                0x00001526                __divsf3x
                0x0000152a                __divsf3_pse
 .text.avr-libc.fplib
                0x000015dc       0x58 d:/programme/atmel/studio/7.0/toolchain/avr8/avr8-gnu-toolchain/bin/../lib/gcc/avr/5.4.0/../../../../avr/lib/avr51\libm.a(fixunssfsi.o)
                0x000015dc                __fixunssfsi
 .text.avr-libc.fplib
                0x00001634       0x7a d:/programme/atmel/studio/7.0/toolchain/avr8/avr8-gnu-toolchain/bin/../lib/gcc/avr/5.4.0/../../../../avr/lib/avr51\libm.a(floatsisf.o)
                0x00001634                __floatunsisf
                0x00001638                __floatsisf
 .text.avr-libc.fplib
                0x000016ae       0x48 d:/programme/atmel/studio/7.0/toolchain/avr8/avr8-gnu-toolchain/bin/../lib/gcc/avr/5.4.0/../../../../avr/lib/avr51\libm.a(fp_cmp.o)
                0x000016ae                __fp_cmp
 .text.avr-libc.fplib
                0x000016f6        0xc d:/programme/atmel/studio/7.0/toolchain/avr8/avr8-gnu-toolchain/bin/../lib/gcc/avr/5.4.0/../../../../avr/lib/avr51\libm.a(fp_inf.o)
                0x000016f6                __fp_inf
 .text.avr-libc.fplib
                0x00001702        0x6 d:/programme/atmel/studio/7.0/toolchain/avr8/avr8-gnu-toolchain/bin/../lib/gcc/avr/5.4.0/../../../../avr/lib/avr51\libm.a(fp_nan.o)
                0x00001702                __fp_nan
 .text.avr-libc.fplib
                0x00001708        0xe d:/programme/atmel/studio/7.0/toolchain/avr8/avr8-gnu-toolchain/bin/../lib/gcc/avr/5.4.0/../../../../avr/lib/avr51\libm.a(fp_pscA.o)
                0x00001708                __fp_pscA
 .text.avr-libc.fplib
                0x00001716        0xe d:/programme/atmel/studio/7.0/toolchain/avr8/avr8-gnu-toolchain/bin/../lib/gcc/avr/5.4.0/../../../../avr/lib/avr51\libm.a(fp_pscB.o)
                0x00001716                __fp_pscB
 .text.avr-libc.fplib
                0x00001724       0x22 d:/programme/atmel/studio/7.0/toolchain/avr8/avr8-gnu-toolchain/bin/../lib/gcc/avr/5.4.0/../../../../avr/lib/avr51\libm.a(fp_round.o)
                0x00001724                __fp_round
 .text.avr-libc.fplib
                0x00001746       0x44 d:/programme/atmel/studio/7.0/toolchain/avr8/avr8-gnu-toolchain/bin/../lib/gcc/avr/5.4.0/../../../../avr/lib/avr51\libm.a(fp_split3.o)
                0x00001746                __fp_split3
                0x00001756                __fp_splitA
 .text.avr-libc.fplib
                0x0000178a        0xe d:/programme/atmel/studio/7.0/toolchain/avr8/avr8-gnu-toolchain/bin/../lib/gcc/avr/5.4.0/../../../../avr/lib/avr51\libm.a(fp_zero.o)
                0x0000178a                __fp_zero
                0x0000178c                __fp_szero
 .text.avr-libc.fplib
                0x00001798        0x4 d:/programme/atmel/studio/7.0/toolchain/avr8/avr8-gnu-toolchain/bin/../lib/gcc/avr/5.4.0/../../../../avr/lib/avr51\libm.a(mulsf3.o)
                0x00001798                __mulsf3
 .text.avr-libc.fplib
                0x0000179c       0xc2 d:/programme/atmel/studio/7.0/toolchain/avr8/avr8-gnu-toolchain/bin/../lib/gcc/avr/5.4.0/../../../../avr/lib/avr51\libm.a(mulsf3x.o)
                0x000017b0                __mulsf3x
                0x000017b4                __mulsf3_pse
 .text.avr-libc
                0x0000185e       0x5c d:/programme/atmel/studio/7.0/toolchain/avr8/avr8-gnu-toolchain/bin/../lib/gcc/avr/5.4.0/../../../../avr/lib/avr51\libc.a(sprintf.o)
                0x0000185e                sprintf
 .text.avr-libc
                0x000018ba      0x3fa d:/programme/atmel/studio/7.0/toolchain/avr8/avr8-gnu-toolchain/bin/../lib/gcc/avr/5.4.0/../../../../avr/lib/avr51\libc.a(vfprintf_std.o)
                0x000018ba                vfprintf
 .text.avr-libc
                0x00001cb4       0x16 d:/programme/atmel/studio/7.0/toolchain/avr8/avr8-gnu-toolchain/bin/../lib/gcc/avr/5.4.0/../../../../avr/lib/avr51\libc.a(strnlen_P.o)
                0x00001cb4                strnlen_P
 .text.avr-libc
                0x00001cca       0x16 d:/programme/atmel/studio/7.0/toolchain/avr8/avr8-gnu-toolchain/bin/../lib/gcc/avr/5.4.0/../../../../avr/lib/avr51\libc.a(strnlen.o)
                0x00001cca                strnlen
 .text.avr-libc
                0x00001ce0       0x78 d:/programme/atmel/studio/7.0/toolchain/avr8/avr8-gnu-toolchain/bin/../lib/gcc/avr/5.4.0/../../../../avr/lib/avr51\libc.a(fputc.o)
                0x00001ce0                fputc
 .text.avr-libc
                0x00001d58       0xbc d:/programme/atmel/studio/7.0/toolchain/avr8/avr8-gnu-toolchain/bin/../lib/gcc/avr/5.4.0/../../../../avr/lib/avr51\libc.a(ultoa_invert.o)
                0x00001d58                __ultoa_invert
                0x00001e14                . = ALIGN (0x2)
 *(.fini9)
 .fini9         0x00001e14        0x0 d:/programme/atmel/studio/7.0/toolchain/avr8/avr8-gnu-toolchain/bin/../lib/gcc/avr/5.4.0/avr51\libgcc.a(_exit.o)
                0x00001e14                _exit
                0x00001e14                exit
 *(.fini9)
 *(.fini8)
 *(.fini8)
 *(.fini7)
 *(.fini7)
 *(.fini6)
 *(.fini6)
 *(.fini5)
 *(.fini5)
 *(.fini4)
 *(.fini4)
 *(.fini3)
 *(.fini3)
 *(.fini2)
 *(.fini2)
 *(.fini1)
 *(.fini1)
 *(.fini0)
 .fini0         0x00001e14        0x4 d:/programme/atmel/studio/7.0/toolchain/avr8/avr8-gnu-toolchain/bin/../lib/gcc/avr/5.4.0/avr51\libgcc.a(_exit.o)
 *(.fini0)
                0x00001e18                _etext = .

.data           0x00800100       0xea load address 0x00001e18
                0x00800100                PROVIDE (__data_start, .)
 *(.data)
 *(.data*)
 .data.brightness
                0x00800100        0x1 src/GPU.o
                0x00800100                brightness
 .data.brightness_table
                0x00800101       0x40 src/Tools/Tools.o
                0x00800101                brightness_table
 *(.rodata)
 .rodata        0x00800141        0x4 src/OS/Programs/operating_system.o
 *(.rodata*)
 .rodata.str1.1
                0x00800145       0x24 src/GPU.o
 .rodata.str1.1
                0x00800169        0x3 src/GraphicsDriver/Display.o
 .rodata.str1.1
                0x0080016c       0x60 src/OS/Kernel.o
                                 0x62 (size before relaxing)
 .rodata.str1.1
                0x008001cc        0x2 src/OS/Programs/count_down.o
 .rodata.str1.1
                0x008001cc        0xe src/OS/Programs/hello_world.o
 .rodata.str1.1
                0x008001da       0x10 src/OS/Programs/operating_system.o
                                 0x20 (size before relaxing)
 .rodata.str1.1
                0x008001ea        0x2 src/OS/Programs/serial_listener.o
 *(.gnu.linkonce.d*)
                0x008001ec                . = ALIGN (0x2)
                0x008001ec                _edata = .
                0x008001ec                PROVIDE (__data_end, .)

.bss            0x008001ea     0x124a
                0x008001ea                PROVIDE (__bss_start, .)
 *(.bss)
 *(.bss*)
 *(COMMON)
 COMMON         0x008001ea     0x1246 src/GPU.o
                0x008001ea                linePos
                0x008001eb                inputLength
                0x008001ec                gfx_text_mode_content_position
                0x008001ed                display_driver_mode
                0x008001ee                display_buffer
                0x0080122e                kernel_timer_count
                0x00801230                input
                0x008012d0                auto_run
                0x008012d2                last_call_status
                0x008012d3                kernel_touch_fnct
                0x008012d5                serialListenerButton
                0x008012d9                program_list
                0x008012f1                program_list_size
                0x008012f2                kernel_timer_fnct
                0x008012f4                gfx_text_mode_content
                0x00801412                inputPos
                0x00801413                display_row_flag
                0x0080142d                gfx_text_mode_content_line
                0x0080142e                count
                0x0080142f                lines
 COMMON         0x00801430        0x4 src/OS/Programs/gfx_test.o
                0x00801430                r
                0x00801431                center
                0x00801433                dir
                0x00801434                PROVIDE (__bss_end, .)
                0x00001e18                __data_load_start = LOADADDR (.data)
                0x00001f02                __data_load_end = (__data_load_start + SIZEOF (.data))

.noinit         0x00801434        0x0
                [!provide]                PROVIDE (__noinit_start, .)
 *(.noinit*)
                [!provide]                PROVIDE (__noinit_end, .)
                0x00801434                _end = .
                [!provide]                PROVIDE (__heap_start, .)

.eeprom         0x00810000        0x0
 *(.eeprom*)
                0x00810000                __eeprom_end = .

.fuse
 *(.fuse)
 *(.lfuse)
 *(.hfuse)
 *(.efuse)

.lock
 *(.lock*)

.signature
 *(.signature*)

.user_signatures
 *(.user_signatures*)

.stab
 *(.stab)

.stabstr
 *(.stabstr)

.stab.excl
 *(.stab.excl)

.stab.exclstr
 *(.stab.exclstr)

.stab.index
 *(.stab.index)

.stab.indexstr
 *(.stab.indexstr)

.comment        0x00000000       0x5c
 *(.comment)
 .comment       0x00000000       0x30 src/Extern/twimaster.o
                                 0x31 (size before relaxing)
 .comment       0x00000030       0x31 src/GPU.o
 .comment       0x00000030       0x31 src/GraphicsDriver/Display.o
 .comment       0x00000030       0x31 src/GUI/Button.o
 .comment       0x00000030       0x31 src/HAL/HardwareInterface.o
 .comment       0x00000030       0x31 src/OS/Kernel.o
 .comment       0x00000030       0x31 src/OS/Programs/clear.o
 .comment       0x00000030       0x31 src/OS/Programs/count_down.o
 .comment       0x00000030       0x31 src/OS/Programs/gfx_test.o
 .comment       0x00000030       0x31 src/OS/Programs/hello_world.o
 .comment       0x00000030       0x31 src/OS/Programs/operating_system.o
 .comment       0x00000030       0x31 src/OS/Programs/serial_listener.o
 .comment       0x00000030       0x31 src/Tools/Tools.o
 .comment       0x00000030       0x31 d:/programme/atmel/studio/7.0/toolchain/avr8/avr8-gnu-toolchain/bin/../lib/gcc/avr/5.4.0/../../../../avr/lib/avr51\libc.a(sprintf.o)
 .comment       0x00000030       0x2c d:/programme/atmel/studio/7.0/toolchain/avr8/avr8-gnu-toolchain/bin/../lib/gcc/avr/5.4.0/../../../../avr/lib/avr51\libc.a(vfprintf_std.o)
                                 0x2d (size before relaxing)
 .comment       0x0000005c       0x31 d:/programme/atmel/studio/7.0/toolchain/avr8/avr8-gnu-toolchain/bin/../lib/gcc/avr/5.4.0/../../../../avr/lib/avr51\libc.a(fputc.o)

.note.gnu.avr.deviceinfo
                0x00000000       0x40
 .note.gnu.avr.deviceinfo
                0x00000000       0x40 D:/Programme/Atmel/Studio/7.0/Packs/atmel/ATmega_DFP/1.0.90/gcc/dev/atmega1284p/avr51/crtatmega1284p.o

.note.gnu.build-id
 *(.note.gnu.build-id)

.debug
 *(.debug)

.line
 *(.line)

.debug_srcinfo
 *(.debug_srcinfo)

.debug_sfnames
 *(.debug_sfnames)

.debug_aranges
 *(.debug_aranges)

.debug_pubnames
 *(.debug_pubnames)

.debug_info
 *(.debug_info .gnu.linkonce.wi.*)

.debug_abbrev
 *(.debug_abbrev)

.debug_line
 *(.debug_line .debug_line.* .debug_line_end)

.debug_frame
 *(.debug_frame)

.debug_str
 *(.debug_str)

.debug_loc
 *(.debug_loc)

.debug_macinfo
 *(.debug_macinfo)

.debug_weaknames
 *(.debug_weaknames)

.debug_funcnames
 *(.debug_funcnames)

.debug_typenames
 *(.debug_typenames)

.debug_varnames
 *(.debug_varnames)

.debug_pubtypes
 *(.debug_pubtypes)

.debug_ranges
 *(.debug_ranges)

.debug_macro
 *(.debug_macro)
OUTPUT(GPU.elf elf32-avr)
LOAD linker stubs
